// Jest Snapshot v1, https://goo.gl/fbAQLP

exports[`render correctly 1`] = `
<span
  className="AutoCompleteInput"
>
  <i
    className="AutoCompleteInput--icon fas fa-search"
  >
    Â 
  </i>
  <input
    className="AutoCompleteInput--field"
    onBlur={[Function]}
    onChange={[Function]}
    type="text"
    value="test"
  />
</span>
`;
