// Jest Snapshot v1, https://goo.gl/fbAQLP

exports[`render correctly 1`] = `
<button
  className="AutoCompleteSubmit"
  id="SearchButton"
  onClick={[Function]}
>
  Search
</button>
`;
