// Jest Snapshot v1, https://goo.gl/fbAQLP

exports[`render correctly 1`] = `
<div
  className="SearchBar"
>
  <form
    className="SearchBar--form"
  >
    <span
      className="AutoCompleteInput"
    >
      <i
        className="AutoCompleteInput--icon fas fa-search"
      >
        Â 
      </i>
      <input
        className="AutoCompleteInput--field"
        onBlur={[Function]}
        onChange={[Function]}
        type="text"
        value=""
      />
    </span>
    <button
      className="AutoCompleteSubmit"
      onClick={[Function]}
    >
      Search
    </button>
    <div
      className="AutoCompleteEntries"
    >
      <ul
        className="AutoCompleteEntries--list"
      >
        
      </ul>
    </div>
    
  </form>
</div>
`;
